replay: slot 1/3, MemoryHigh=2G MemoryMax=4G, started 18:03:09
=== RUN   TestDiagViceCaptainFix

variant                     gw1      gw6     gw11     gw16     gw21     gw26    POLICY |      HOLD   moves
vice off (pre-fix)         8584     7692     6653     5532     4448     3167     36076 |     31752     595
vice on (ships)            8634     7729     6697     5551     4467     3183     36261 |     31987     595  <-- HOLD MOVED

--- POLICY (the weekly transfer decision) ---
Paired against "vice off (pre-fix)" — same season, same start, one setting changed.
variant                    mean        n   (SE, t and p: see stats/sweep_inference.R)
vice on (ships)          +0.297       24
    early (prior-led)    +0.305        8
    middle               +0.300        8
    late (season-led)    +0.286        8

mean is points **per gameweek played**, so cells with different
horizons are comparable. Multiply by ~38 for a full-season figure.

--- HOLD (the opening fifteen; use this for scoring constants) ---
Paired against "vice off (pre-fix)" — same season, same start, one setting changed.
variant                    mean        n   (SE, t and p: see stats/sweep_inference.R)
vice on (ships)          +0.410       24
    early (prior-led)    +0.309        8
    middle               +0.408        8
    late (season-led)    +0.514        8

mean is points **per gameweek played**, so cells with different
horizons are comparable. Multiply by ~38 for a full-season figure.

--- HOLD with the armband pinned to the day-one pick (diagnostic instrument) ---
Paired against "vice off (pre-fix)" — same season, same start, one setting changed.
variant                    mean        n   (SE, t and p: see stats/sweep_inference.R)
vice on (ships)          +1.165       24
    early (prior-led)    +1.165        8
    middle               +1.421        8
    late (season-led)    +0.907        8

mean is points **per gameweek played**, so cells with different
horizons are comparable. Multiply by ~38 for a full-season figure.

--- HOLD with nobody doubled (diagnostic instrument; not what FPL pays) ---
Paired against "vice off (pre-fix)" — same season, same start, one setting changed.
variant                    mean        n   (SE, t and p: see stats/sweep_inference.R)
vice on (ships)          +0.000       24
    early (prior-led)    +0.000        8
    middle               +0.000        8
    late (season-led)    +0.000        8

mean is points **per gameweek played**, so cells with different
horizons are comparable. Multiply by ~38 for a full-season figure.

Cells written. Now: Rscript stats/sweep_inference.R <the FPL_CELLS path>
--- PASS: TestDiagViceCaptainFix (234.98s)
PASS
replay: exit=0 peak_rss=89 MB elapsed=47:49.22
