replay: slot 6/6, MemoryHigh=2G MemoryMax=4G, started 01:25:05
=== RUN   TestDiagProjection

=== bonus schedule, prior/evidence (ships 0.5/1.5). Metric: HOLD.

variant                     gw1      gw6     gw11     gw16     gw21     gw26    POLICY |      HOLD   moves
0.5 / 1.5 (ships)          8713     7760     6647     5575     4560     3253     36508 |     31703     573
1.0 / 1.0                  8819     7570     6683     5658     4484     3194     36408 |     31552     588  <-- HOLD MOVED
0.5 / 2.0                  8829     7581     6700     5537     4457     3278     36382 |     31522     589  <-- HOLD MOVED
0.0 / 2.0                  9073     7722     6593     5537     4496     3267     36688 |     31926     580  <-- HOLD MOVED
1.5 / 1.5                  8604     7669     6757     5596     4516     3255     36397 |     31746     584  <-- HOLD MOVED

--- POLICY (the weekly transfer decision) ---
Paired against "0.5 / 1.5 (ships)" — same season, same start, one setting changed.
variant                    mean        n   (SE, t and p: see stats/sweep_inference.R)
1.0 / 1.0                -0.285       24
    early (prior-led)    -0.371        8
    middle               +0.612        8
    late (season-led)    -1.095        8
0.5 / 2.0                -0.247       24
    early (prior-led)    -0.296        8
    middle               +0.030        8
    late (season-led)    -0.475        8
0.0 / 2.0                +0.094       24
    early (prior-led)    +1.040        8
    middle               -0.448        8
    late (season-led)    -0.310        8
1.5 / 1.5                -0.128       24
    early (prior-led)    -0.703        8
    middle               +0.605        8
    late (season-led)    -0.286        8

mean is points **per gameweek played**, so cells with different
horizons are comparable. Multiply by ~38 for a full-season figure.

--- HOLD (the opening fifteen; use this for scoring constants) ---
Paired against "0.5 / 1.5 (ships)" — same season, same start, one setting changed.
variant                    mean        n   (SE, t and p: see stats/sweep_inference.R)
1.0 / 1.0                -0.059       24
    early (prior-led)    -0.365        8
    middle               -0.599        8
    late (season-led)    +0.788        8
0.5 / 2.0                -0.394       24
    early (prior-led)    -0.098        8
    middle               -0.106        8
    late (season-led)    -0.976        8
0.0 / 2.0                +0.168       24
    early (prior-led)    +0.928        8
    middle               -0.122        8
    late (season-led)    -0.300        8
1.5 / 1.5                +0.136       24
    early (prior-led)    -0.199        8
    middle               +0.478        8
    late (season-led)    +0.130        8

mean is points **per gameweek played**, so cells with different
horizons are comparable. Multiply by ~38 for a full-season figure.

--- HOLD with the armband pinned to the day-one pick (diagnostic instrument) ---
Paired against "0.5 / 1.5 (ships)" — same season, same start, one setting changed.
variant                    mean        n   (SE, t and p: see stats/sweep_inference.R)
1.0 / 1.0                -0.050       24
    early (prior-led)    -0.349        8
    middle               -0.711        8
    late (season-led)    +0.910        8
0.5 / 2.0                -0.201       24
    early (prior-led)    -0.076        8
    middle               +0.206        8
    late (season-led)    -0.732        8
0.0 / 2.0                +0.353       24
    early (prior-led)    +1.062        8
    middle               +0.130        8
    late (season-led)    -0.135        8
1.5 / 1.5                +0.188       24
    early (prior-led)    -0.249        8
    middle               +0.683        8
    late (season-led)    +0.130        8

mean is points **per gameweek played**, so cells with different
horizons are comparable. Multiply by ~38 for a full-season figure.

--- HOLD with nobody doubled (diagnostic instrument; not what FPL pays) ---
Paired against "0.5 / 1.5 (ships)" — same season, same start, one setting changed.
variant                    mean        n   (SE, t and p: see stats/sweep_inference.R)
1.0 / 1.0                -0.050       24
    early (prior-led)    -0.349        8
    middle               -0.711        8
    late (season-led)    +0.910        8
0.5 / 2.0                -0.244       24
    early (prior-led)    -0.076        8
    middle               +0.075        8
    late (season-led)    -0.732        8
0.0 / 2.0                +0.128       24
    early (prior-led)    +0.518        8
    middle               +0.000        8
    late (season-led)    -0.135        8
1.5 / 1.5                +0.118       24
    early (prior-led)    -0.256        8
    middle               +0.482        8
    late (season-led)    +0.130        8

mean is points **per gameweek played**, so cells with different
horizons are comparable. Multiply by ~38 for a full-season figure.

Cells written. Now: Rscript stats/sweep_inference.R <the FPL_CELLS path>
--- PASS: TestDiagProjection (746.59s)
PASS
replay: exit=0 peak_rss=125 MB elapsed=12:26.50
