replay: slot 5/6, MemoryHigh=2G MemoryMax=4G, started 01:25:03
=== RUN   TestDiagProjection

=== minutes convexity exponent (ships 1.25). Metric: HOLD.

variant                     gw1      gw6     gw11     gw16     gw21     gw26    POLICY |      HOLD   moves
exponent 1.25 (ships)      8657     7715     6728     5541     4463     3103     36207 |     31457     592
exponent 1.00              8831     7652     6650     5450     4354     3153     36090 |     31486     591  <-- HOLD MOVED
exponent 1.15              8712     7680     6744     5498     4315     3172     36121 |     31574     592  <-- HOLD MOVED
exponent 1.50              8709     7674     6642     5542     4475     3079     36121 |     31439     592  <-- HOLD MOVED
exponent 1.75              8850     7691     6748     5438     4384     3101     36212 |     31570     583  <-- HOLD MOVED

--- POLICY (the weekly transfer decision) ---
Paired against "exponent 1.25 (ships)" — same season, same start, one setting changed.
variant                    mean        n   (SE, t and p: see stats/sweep_inference.R)
exponent 1.00            -0.262       24
    early (prior-led)    +0.334        8
    middle               -0.843        8
    late (season-led)    -0.276        8
exponent 1.15            -0.159       24
    early (prior-led)    +0.048        8
    middle               -0.162        8
    late (season-led)    -0.364        8
exponent 1.50            -0.170       24
    early (prior-led)    +0.016        8
    middle               -0.378        8
    late (season-led)    -0.147        8
exponent 1.75            -0.165       24
    early (prior-led)    +0.544        8
    middle               -0.470        8
    late (season-led)    -0.568        8

mean is points **per gameweek played**, so cells with different
horizons are comparable. Multiply by ~38 for a full-season figure.

--- HOLD (the opening fifteen; use this for scoring constants) ---
Paired against "exponent 1.25 (ships)" — same season, same start, one setting changed.
variant                    mean        n   (SE, t and p: see stats/sweep_inference.R)
exponent 1.00            +0.071       24
    early (prior-led)    +0.057        8
    middle               -0.146        8
    late (season-led)    +0.303        8
exponent 1.15            +0.250       24
    early (prior-led)    +0.212        8
    middle               -0.137        8
    late (season-led)    +0.675        8
exponent 1.50            -0.052       24
    early (prior-led)    +0.719        8
    middle               -0.859        8
    late (season-led)    -0.015        8
exponent 1.75            +0.006       24
    early (prior-led)    +1.310        8
    middle               -0.785        8
    late (season-led)    -0.506        8

mean is points **per gameweek played**, so cells with different
horizons are comparable. Multiply by ~38 for a full-season figure.

--- HOLD with the armband pinned to the day-one pick (diagnostic instrument) ---
Paired against "exponent 1.25 (ships)" — same season, same start, one setting changed.
variant                    mean        n   (SE, t and p: see stats/sweep_inference.R)
exponent 1.00            -0.037       24
    early (prior-led)    +0.055        8
    middle               -0.127        8
    late (season-led)    -0.040        8
exponent 1.15            +0.164       24
    early (prior-led)    +0.214        8
    middle               -0.087        8
    late (season-led)    +0.364        8
exponent 1.50            -0.111       24
    early (prior-led)    +0.747        8
    middle               -0.865        8
    late (season-led)    -0.215        8
exponent 1.75            -0.202       24
    early (prior-led)    +1.272        8
    middle               -0.983        8
    late (season-led)    -0.895        8

mean is points **per gameweek played**, so cells with different
horizons are comparable. Multiply by ~38 for a full-season figure.

--- HOLD with nobody doubled (diagnostic instrument; not what FPL pays) ---
Paired against "exponent 1.25 (ships)" — same season, same start, one setting changed.
variant                    mean        n   (SE, t and p: see stats/sweep_inference.R)
exponent 1.00            -0.016       24
    early (prior-led)    +0.250        8
    middle               -0.257        8
    late (season-led)    -0.040        8
exponent 1.15            +0.120       24
    early (prior-led)    +0.214        8
    middle               -0.217        8
    late (season-led)    +0.364        8
exponent 1.50            -0.059       24
    early (prior-led)    +0.902        8
    middle               -0.865        8
    late (season-led)    -0.215        8
exponent 1.75            -0.160       24
    early (prior-led)    +1.398        8
    middle               -0.983        8
    late (season-led)    -0.895        8

mean is points **per gameweek played**, so cells with different
horizons are comparable. Multiply by ~38 for a full-season figure.

Cells written. Now: Rscript stats/sweep_inference.R <the FPL_CELLS path>
--- PASS: TestDiagProjection (701.32s)
PASS
replay: exit=0 peak_rss=127 MB elapsed=11:41.22
