replay: all 6 slots busy, queueing (set FPL_REPLAY_SLOTS to change)
replay: still queueing after 300s
replay: still queueing after 600s
replay: got a slot after 680s
replay: slot 5/6, MemoryHigh=2G MemoryMax=4G, started 01:36:45
=== RUN   TestDiagProjection

=== opening bench weight (ships 0.10). Metric: HOLD.

variant                     gw1      gw6     gw11     gw16     gw21     gw26    POLICY |      HOLD   moves
bench weight 0.10 (ships)     8634     7729     6697     5551     4467     3224     36302 |     32008     593
bench weight 0.02          8950     7570     6670     5562     4447     3206     36405 |     31756     590  <-- HOLD MOVED
bench weight 0.05          8950     7652     6678     5562     4458     3195     36495 |     31945     588  <-- HOLD MOVED
bench weight 0.20          8757     7802     6686     5544     4377     3114     36280 |     31704     601  <-- HOLD MOVED

--- POLICY (the weekly transfer decision) ---
Paired against "bench weight 0.10 (ships)" — same season, same start, one setting changed.
variant                    mean        n   (SE, t and p: see stats/sweep_inference.R)
bench weight 0.02        +0.021       24
    early (prior-led)    +0.437        8
    middle               -0.061        8
    late (season-led)    -0.312        8
bench weight 0.05        +0.127       24
    early (prior-led)    +0.748        8
    middle               -0.025        8
    late (season-led)    -0.341        8
bench weight 0.20        -0.363       24
    early (prior-led)    +0.681        8
    middle               -0.087        8
    late (season-led)    -1.683        8

mean is points **per gameweek played**, so cells with different
horizons are comparable. Multiply by ~38 for a full-season figure.

--- HOLD (the opening fifteen; use this for scoring constants) ---
Paired against "bench weight 0.10 (ships)" — same season, same start, one setting changed.
variant                    mean        n   (SE, t and p: see stats/sweep_inference.R)
bench weight 0.02        -0.250       24
    early (prior-led)    -0.515        8
    middle               -0.691        8
    late (season-led)    +0.457        8
bench weight 0.05        +0.157       24
    early (prior-led)    -0.341        8
    middle               -0.365        8
    late (season-led)    +1.175        8
bench weight 0.20        -0.629       24
    early (prior-led)    -0.628        8
    middle               +0.377        8
    late (season-led)    -1.637        8

mean is points **per gameweek played**, so cells with different
horizons are comparable. Multiply by ~38 for a full-season figure.

--- HOLD with the armband pinned to the day-one pick (diagnostic instrument) ---
Paired against "bench weight 0.10 (ships)" — same season, same start, one setting changed.
variant                    mean        n   (SE, t and p: see stats/sweep_inference.R)
bench weight 0.02        -0.294       24
    early (prior-led)    -0.561        8
    middle               -0.643        8
    late (season-led)    +0.322        8
bench weight 0.05        +0.085       24
    early (prior-led)    -0.387        8
    middle               -0.397        8
    late (season-led)    +1.041        8
bench weight 0.20        -0.496       24
    early (prior-led)    -0.525        8
    middle               +0.543        8
    late (season-led)    -1.505        8

mean is points **per gameweek played**, so cells with different
horizons are comparable. Multiply by ~38 for a full-season figure.

--- HOLD with nobody doubled (diagnostic instrument; not what FPL pays) ---
Paired against "bench weight 0.10 (ships)" — same season, same start, one setting changed.
variant                    mean        n   (SE, t and p: see stats/sweep_inference.R)
bench weight 0.02        -0.283       24
    early (prior-led)    -0.561        8
    middle               -0.610        8
    late (season-led)    +0.322        8
bench weight 0.05        +0.096       24
    early (prior-led)    -0.387        8
    middle               -0.365        8
    late (season-led)    +1.041        8
bench weight 0.20        -0.526       24
    early (prior-led)    -0.536        8
    middle               +0.464        8
    late (season-led)    -1.505        8

mean is points **per gameweek played**, so cells with different
horizons are comparable. Multiply by ~38 for a full-season figure.

Cells written. Now: Rscript stats/sweep_inference.R <the FPL_CELLS path>
--- PASS: TestDiagProjection (704.64s)
PASS
replay: exit=0 peak_rss=116 MB elapsed=31:04.45
