replay: slot 1/3, MemoryHigh=2G MemoryMax=4G, started 00:50:16
=== RUN   TestDiagFloorPopulation

=== the pool floor's population, and whether it reaches the fifteen

Removed = analysis.CutByExpectedMinutesFloor, the pool filter's own
predicate: SettledMinutes < 55 AND Price > BenchFodderPrice (4.5).
differs = squad slots changing when the floor is lifted to none.
This is the mediator: differs = 0 means the floor cannot have paid.

season      gw  removed differs  entered  top removed
2020-21      1      215       0        0  Mahrez (3.59, £8.5m, 51 min)
2020-21      6      233       0        0  Fernandes (4.69, £10.5m, 55 min)
2020-21     11      239       0        0  Sterling (3.74, £11.5m, 53 min)
2020-21     16      244       0        0  El Ghazi (3.07, £5.7m, 49 min)
2020-21     21      247       0        0  De Bruyne (4.60, £11.9m, 55 min)
2020-21     26      261       0        0  Mahrez (3.77, £8.1m, 53 min)
2021-22      1      214       0        0  De Bruyne (3.92, £12.0m, 52 min)
2021-22      6      215       0        0  Antonio (3.29, £7.9m, 50 min)
2021-22     11      218       5        0  De Bruyne (3.47, £12.0m, 48 min)
2021-22     16      219       0        0  Gündogan (3.82, £7.3m, 53 min)
2021-22     21      236       0        0  Foden (3.37, £8.1m, 48 min)
2021-22     26      234       0        0  Cancelo (3.77, £7.2m, 55 min)
2022-23      1      186       0        0  Gündogan (3.22, £7.5m, 49 min)
2022-23      6      171       0        0  James (3.14, £6.1m, 49 min)
2022-23     11      186       0        0  Sterling (3.76, £10.0m, 51 min)
2022-23     16      189       0        0  Foden (3.18, £8.4m, 50 min)
2022-23     21      204       0        0  Mahrez (3.83, £7.5m, 51 min)
2022-23     26      225       0        0  De Bruyne (3.52, £12.3m, 50 min)
2023-24      1      209       0        0  G.Jesus (3.34, £8.0m, 54 min)
2023-24      6      222       0        0  Wilson (3.05, £7.8m, 46 min)
2023-24     11      224       0        0  Wilson (3.50, £7.8m, 49 min)
2023-24     16      230       0        0  Isak (3.21, £7.5m, 50 min)
2023-24     21      236       0        0  Haaland (3.56, £13.9m, 46 min)
2023-24     26      236       0        0  Salah (3.93, £13.0m, 46 min)
2024-25      1      226       0        0  Darwin (3.40, £7.5m, 54 min)
2024-25      6      228       0        0  Wissa (2.79, £6.1m, 52 min)
2024-25     11      234       0        0  Luis Díaz (3.41, £7.8m, 55 min)
2024-25     16      233       0        0  João Pedro (3.11, £5.9m, 48 min)
2024-25     21      232       0        0  Trossard (3.09, £6.8m, 55 min)
2024-25     26      246       0        0  Madueke (2.97, £6.1m, 49 min)
2025-26      1      237       0        0  Saka (3.00, £10.0m, 45 min)
2025-26      6      269       0        0  Palmer (3.74, £10.4m, 55 min)
2025-26     11      257       0        0  O'Reilly (2.91, £4.9m, 49 min)
2025-26     16      263       0        0  M.Salah (3.89, £14.1m, 54 min)
2025-26     21      269       0        0  Mbeumo (3.16, £8.1m, 52 min)
2025-26     26      283       3        1  M.Salah (3.83, £14.0m, 54 min)

2 of 36 cells have an opening fifteen that changes when the floor
is lifted; mean removed population 229.7 players a build.

Cells that move, by season: map[2021-22:1 2025-26:1]
A points figure is quotable only over these; the rest are
structural zeros and pooling them dilutes toward zero.

Simple-effect null: shipped bench shape, no chips, bespoke search.
--- PASS: TestDiagFloorPopulation (243.38s)
PASS
replay: exit=0 peak_rss=96 MB elapsed=4:02.38
