replay: slot 1/3, MemoryHigh=2G MemoryMax=4G, started 00:13:16
=== RUN   TestDiagRejudge

=== J. pool floor (shipped 55). Metric: HOLD.

variant                     gw1      gw6     gw11     gw16     gw21     gw26    POLICY |      HOLD   moves
floor=55 (ships)          13068    11340     9703     8185     6516     4600     53412 |     47105     891
no floor                  13068    11340     9663     8185     6516     4613     53385 |     46992     896  <-- HOLD MOVED
floor=45                  13068    11340     9703     8185     6516     4613     53425 |     47094     895  <-- HOLD MOVED
floor=65                  12983    11339     9613     8161     6507     4696     53299 |     47190     894  <-- HOLD MOVED

--- POLICY (the weekly transfer decision) ---
Paired against "floor=55 (ships)" — same season, same start, one setting changed.
variant                    mean        n   (SE, t and p: see stats/sweep_inference.R)
no floor                 -0.012       36
    early (prior-led)    +0.000       12
    middle               -0.119       12
    late (season-led)    +0.083       12
floor=45                 +0.028       36
    early (prior-led)    +0.000       12
    middle               +0.000       12
    late (season-led)    +0.083       12
floor=65                 +0.010       36
    early (prior-led)    -0.189       12
    middle               -0.355       12
    late (season-led)    +0.574       12

mean is points **per gameweek played**, so cells with different
horizons are comparable. Multiply by ~38 for a full-season figure.

--- HOLD (the opening fifteen; use this for scoring constants) ---
Paired against "floor=55 (ships)" — same season, same start, one setting changed.
variant                    mean        n   (SE, t and p: see stats/sweep_inference.R)
no floor                 -0.125       36
    early (prior-led)    +0.000       12
    middle               -0.304       12
    late (season-led)    -0.071       12
floor=45                 -0.024       36
    early (prior-led)    +0.000       12
    middle               +0.000       12
    late (season-led)    -0.071       12
floor=65                 +0.430       36
    early (prior-led)    -0.222       12
    middle               -0.359       12
    late (season-led)    +1.872       12

mean is points **per gameweek played**, so cells with different
horizons are comparable. Multiply by ~38 for a full-season figure.

--- HOLD with the armband pinned to the day-one pick (diagnostic instrument) ---
Paired against "floor=55 (ships)" — same season, same start, one setting changed.
variant                    mean        n   (SE, t and p: see stats/sweep_inference.R)
no floor                 -0.146       36
    early (prior-led)    +0.000       12
    middle               -0.366       12
    late (season-led)    -0.071       12
floor=45                 -0.024       36
    early (prior-led)    +0.000       12
    middle               +0.000       12
    late (season-led)    -0.071       12
floor=65                 +0.314       36
    early (prior-led)    -0.222       12
    middle               -0.406       12
    late (season-led)    +1.571       12

mean is points **per gameweek played**, so cells with different
horizons are comparable. Multiply by ~38 for a full-season figure.

--- HOLD with nobody doubled (diagnostic instrument; not what FPL pays) ---
Paired against "floor=55 (ships)" — same season, same start, one setting changed.
variant                    mean        n   (SE, t and p: see stats/sweep_inference.R)
no floor                 -0.146       36
    early (prior-led)    +0.000       12
    middle               -0.366       12
    late (season-led)    -0.071       12
floor=45                 -0.024       36
    early (prior-led)    +0.000       12
    middle               +0.000       12
    late (season-led)    -0.071       12
floor=65                 +0.286       36
    early (prior-led)    -0.222       12
    middle               -0.406       12
    late (season-led)    +1.488       12

mean is points **per gameweek played**, so cells with different
horizons are comparable. Multiply by ~38 for a full-season figure.

Cells written. Now: Rscript stats/sweep_inference.R <the FPL_CELLS path>
--- PASS: TestDiagRejudge (678.76s)
PASS
replay: exit=0 peak_rss=124 MB elapsed=22:08.16
